size: 400 x 300
mouse starts at: 0 0 False
RED is 2 and BLACK is 10
constrain: 10 0 5
dist: 5.0
mapToRange: 50.0
mapToRange clamped: 100
PI: 3.14159 TWO_PI: 6.28319
KEY_A: KeyA KEY_SPACE: Space KEY_LEFT: ArrowLeft
no key pressed: False False
measureText keys: ['actualBoundingBoxAscent', 'actualBoundingBoxDescent', 'actualBoundingBoxLeft', 'actualBoundingBoxRight', 'width']
measureText width is a number: True
getPixelColour -> Colour with r,g,b,a: True True
setTextSize(200) raises TypeError: Size must be between 8 and 128
setConsoleSize(50) raises TypeError: Size must be between 100 and 2000
vector mag: 5.0
vector add: Vector (4, 6)
vector truediv: Vector (5.0, 10.0)
vector radd (sum): Vector (3, 3)
vector limited mag: 1.0
rect overlaps: True False
after mousemove: 40 289 False
after mousedown: True
after mouseup: False
KeyA held: True
wasKeyPressed latches: True False
KeyA released: False
done
