0 N
10 N
22 N
23 NE
45 NE
67 NE
68 E
90 E
112 E
113 SE
157 SE
180 S
202 S
247 SW
292 W
337 NW
338 N
350 N
359 N
360 Number out of range 0 to 359
-1 Number out of range 0 to 359
Connecting...please wait
Error: <browser message>
There was a problem connecting to the microbit, please try again.
constructor returned, connected = False
